
> build
> vite build

vite v7.3.1 building client environment for production...
transforming...
Γ£ô 55 modules transformed.
rendering chunks...
computing gzip size...
public/build/manifest.json             0.33 kB Γöé gzip:  0.17 kB
public/build/assets/app-C2GMeJ6L.css  82.80 kB Γöé gzip: 14.55 kB
public/build/assets/app-Ce1japiL.js   95.69 kB Γöé gzip: 34.97 kB
Γ£ô built in 7.18s
EXIT_CODE=0
{
  "resources/css/app.css": {
    "file": "assets/app-C2GMeJ6L.css",
    "src": "resources/css/app.css",
    "isEntry": true,
    "name": "app",
    "names": [
      "app.css"
    ]
  },
  "resources/js/app.js": {
    "file": "assets/app-Ce1japiL.js",
    "name": "app",
    "src": "resources/js/app.js",
    "isEntry": true
  }
}
